> > > > 4
> > > "3abc"
> > > "fooabc"
> > > "foo8"
> Failed reading
