> > > > > > {
  b: {
    c: 10
    d: "9a"
  }
  e: 14
}
> > > {
  b: {
    c: 10
    d: "a9"
  }
  e: 14
}
> > > > > > > {
  b: {
    c: 4
    d: "3a"
  }
  e: {
    a: "z5"
    b: 9
  }
  d: 10
}
> Failed reading
