> > > {
  c: 1
}
> > > 1
> > > {
  h: 1
}
> > > {
  e: "2"
  c: {
    d: 5
  }
  b: {
    c: 1
  }
}
> > {
  f: {
    e: {
      g: { ... }
    }
  }
  e: "2"
  c: {
    d: 5
  }
  b: {
    c: 1
  }
}
> Failed reading
